
--- 2026-01-07T17:44:57.256Z debug
🪵  Writing logs to "/home/beano/DevProjects/NextJs/moshimoshi/.xdg/.wrangler/logs/wrangler-2026-01-07_17-44-57_129.log"
---

--- 2026-01-07T17:44:57.256Z debug
Metrics dispatcher: Posting data {"deviceId":"8e8efb54-08b9-49fd-bae8-bf39a8e0175a","event":"wrangler command started","timestamp":1767807897256,"properties":{"amplitude_session_id":1767807897255,"amplitude_event_id":0,"wranglerVersion":"4.57.0","osPlatform":"Linux","osVersion":"#37~24.04.1-Ubuntu SMP PREEMPT_DYNAMIC Thu Nov 20 10:25:38 UTC 2","nodeVersion":24,"isFirstUsage":false,"configFileType":"none","isCI":false,"isPagesCI":false,"isWorkersCI":false,"isInteractive":false,"hasAssets":false,"argsUsed":["envFile","pipe","remote"],"argsCombination":"envFile, pipe, remote","command":"wrangler r2 object get","args":{}}}
---

--- 2026-01-07T17:44:58.071Z log

---

--- 2026-01-07T17:44:58.107Z error
✘ [ERROR] The specified key does not exist.


---

--- 2026-01-07T17:44:58.120Z debug
Error: The specified key does not exist.
    at Object.handler (/home/beano/.nvm/versions/node/v24.11.1/lib/node_modules/wrangler/wrangler-dist/cli.js:264898:19)
    at process.processTicksAndRejections (node:internal/process/task_queues:103:5)
    at async Object.handler (/home/beano/.nvm/versions/node/v24.11.1/lib/node_modules/wrangler/wrangler-dist/cli.js:166155:7)
---

--- 2026-01-07T17:44:58.121Z debug
Metrics dispatcher: Posting data {"deviceId":"8e8efb54-08b9-49fd-bae8-bf39a8e0175a","event":"wrangler command errored","timestamp":1767807898120,"properties":{"amplitude_session_id":1767807897255,"amplitude_event_id":1,"wranglerVersion":"4.57.0","osPlatform":"Linux","osVersion":"#37~24.04.1-Ubuntu SMP PREEMPT_DYNAMIC Thu Nov 20 10:25:38 UTC 2","nodeVersion":24,"isFirstUsage":false,"configFileType":"none","isCI":false,"isPagesCI":false,"isWorkersCI":false,"isInteractive":false,"hasAssets":false,"argsUsed":["envFile","pipe","remote"],"argsCombination":"envFile, pipe, remote","command":"wrangler r2 object get","args":{},"durationMs":881,"durationSeconds":0.881,"durationMinutes":0.014683333333333333,"errorType":"UserError"}}
---
