
--- 2026-01-08T07:38:59.175Z debug
🪵  Writing logs to "/home/beano/DevProjects/NextJs/moshimoshi/.wrangler_config/.wrangler/logs/wrangler-2026-01-08_07-38-59_083.log"
---

--- 2026-01-08T07:38:59.175Z debug
Metrics dispatcher: Posting data {"deviceId":"8948b427-e544-448a-8f84-717ae6f8d563","event":"wrangler command started","timestamp":1767857939175,"properties":{"amplitude_session_id":1767857939174,"amplitude_event_id":0,"wranglerVersion":"4.57.0","osPlatform":"Linux","osVersion":"#37~24.04.1-Ubuntu SMP PREEMPT_DYNAMIC Thu Nov 20 10:25:38 UTC 2","nodeVersion":24,"isFirstUsage":true,"configFileType":"none","isCI":false,"isPagesCI":false,"isWorkersCI":false,"isInteractive":false,"hasAssets":false,"argsUsed":[],"argsCombination":"","command":"wrangler r2 bucket info","args":{}}}
---

--- 2026-01-08T07:38:59.179Z debug
.env file not found at "/home/beano/DevProjects/NextJs/moshimoshi/.env". Continuing... For more details, refer to https://developers.cloudflare.com/workers/wrangler/system-environment-variables/
---

--- 2026-01-08T07:38:59.205Z log

 ⛅️ wrangler 4.57.0
───────────────────
---

--- 2026-01-08T07:38:59.213Z log
Getting info for 'moshmoshi-anki'...
---

--- 2026-01-08T07:38:59.214Z debug
-- START CF API REQUEST: GET https://api.cloudflare.com/client/v4/accounts/e96be1325db4e122ca31691f8c2adbda/r2/buckets/moshmoshi-anki
---

--- 2026-01-08T07:38:59.214Z debug
QUERY STRING: omitted; set WRANGLER_LOG_SANITIZE=false to include sanitized data
---

--- 2026-01-08T07:38:59.214Z debug
HEADERS: omitted; set WRANGLER_LOG_SANITIZE=false to include sanitized data
---

--- 2026-01-08T07:38:59.214Z debug
INIT: omitted; set WRANGLER_LOG_SANITIZE=false to include sanitized data
---

--- 2026-01-08T07:38:59.214Z debug
-- END CF API REQUEST
---

--- 2026-01-08T07:38:59.646Z debug
-- START CF API RESPONSE: OK 200
---

--- 2026-01-08T07:38:59.646Z debug
HEADERS: omitted; set WRANGLER_LOG_SANITIZE=false to include sanitized data
---

--- 2026-01-08T07:38:59.646Z debug
RESPONSE: omitted; set WRANGLER_LOG_SANITIZE=false to include sanitized data
---

--- 2026-01-08T07:38:59.646Z debug
-- END CF API RESPONSE
---

--- 2026-01-08T07:38:59.647Z debug
-- START CF API REQUEST: POST https://api.cloudflare.com/client/v4/graphql
---

--- 2026-01-08T07:38:59.647Z debug
QUERY STRING: omitted; set WRANGLER_LOG_SANITIZE=false to include sanitized data
---

--- 2026-01-08T07:38:59.647Z debug
HEADERS: omitted; set WRANGLER_LOG_SANITIZE=false to include sanitized data
---

--- 2026-01-08T07:38:59.647Z debug
INIT: omitted; set WRANGLER_LOG_SANITIZE=false to include sanitized data
---

--- 2026-01-08T07:38:59.647Z debug
-- END CF API REQUEST
---

--- 2026-01-08T07:38:59.774Z debug
-- START CF API RESPONSE: OK 200
---

--- 2026-01-08T07:38:59.775Z debug
HEADERS: omitted; set WRANGLER_LOG_SANITIZE=false to include sanitized data
---

--- 2026-01-08T07:38:59.775Z debug
RESPONSE: omitted; set WRANGLER_LOG_SANITIZE=false to include sanitized data
---

--- 2026-01-08T07:38:59.775Z debug
-- END CF API RESPONSE
---

--- 2026-01-08T07:38:59.776Z log
name:                   moshmoshi-anki
created:                2026-01-07T11:36:36.289Z
location:               EEUR
default_storage_class:  Standard
object_count:           0
bucket_size:            0 B
---

--- 2026-01-08T07:38:59.778Z debug
Metrics dispatcher: Posting data {"deviceId":"8948b427-e544-448a-8f84-717ae6f8d563","event":"wrangler command completed","timestamp":1767857939778,"properties":{"amplitude_session_id":1767857939174,"amplitude_event_id":1,"wranglerVersion":"4.57.0","osPlatform":"Linux","osVersion":"#37~24.04.1-Ubuntu SMP PREEMPT_DYNAMIC Thu Nov 20 10:25:38 UTC 2","nodeVersion":24,"isFirstUsage":false,"configFileType":"none","isCI":false,"isPagesCI":false,"isWorkersCI":false,"isInteractive":false,"hasAssets":false,"argsUsed":[],"argsCombination":"","command":"wrangler r2 bucket info","args":{},"durationMs":613,"durationSeconds":0.613,"durationMinutes":0.010216666666666667}}
---
